../Core/Src/main.c:90:16:W25Qxx_ReadSR1	16	static
../Core/Src/main.c:104:13:W25Qxx_WaitBusy	8	static
../Core/Src/main.c:114:6:W25Qxx_EraseSector	24	static
../Core/Src/main.c:139:6:W25Qxx_Init	72	static
../Core/Src/main.c:156:6:W25Qxx_Read	32	static
../Core/Src/main.c:173:6:W25Qxx_Write	32	static
../Core/Src/main.c:198:6:W25Qxx_WriteFloat	24	static
../Core/Src/main.c:206:7:W25Qxx_ReadFloat	24	static
../Core/Src/main.c:220:6:HCSR04_Trigger	16	static
../Core/Src/main.c:229:6:Start_HCSR04	8	static
../Core/Src/main.c:237:6:HAL_TIM_IC_CaptureCallback	16	static
../Core/Src/main.c:267:6:sensorTask	16	static
../Core/Src/main.c:279:6:flashTask	40	static
../Core/Src/main.c:308:6:alertTask	24	static
../Core/Src/main.c:326:6:uartTask	128	static
../Core/Src/main.c:353:5:main	64	static
../Core/Src/main.c:483:6:SystemClock_Config	96	static
../Core/Src/main.c:534:13:MX_RTC_Init	32	static
../Core/Src/main.c:598:13:MX_SPI2_Init	8	static
../Core/Src/main.c:638:13:MX_TIM2_Init	40	static
../Core/Src/main.c:686:13:MX_USART2_UART_Init	8	static
../Core/Src/main.c:721:13:MX_GPIO_Init	48	static
../Core/Src/main.c:776:6:StartDefaultTask	16	static
../Core/Src/main.c:791:6:Error_Handler	4	static,ignoring_inline_asm
