../Core/Src/main.c:68:6:EXTI15_10_IRQHandler	8	static
../Core/Src/main.c:79:6:uart_msg	16	static
../Core/Src/main.c:83:6:rtos_delay	24	static
../Core/Src/main.c:93:6:task1	24	static
../Core/Src/main.c:123:6:task2	24	static
../Core/Src/main.c:159:5:main	56	static
../Core/Src/main.c:235:6:SystemClock_Config	96	static
../Core/Src/main.c:285:13:MX_USART2_UART_Init	8	static
../Core/Src/main.c:320:13:MX_GPIO_Init	48	static
../Core/Src/main.c:369:6:StartDefaultTask	16	static
../Core/Src/main.c:384:6:Error_Handler	4	static,ignoring_inline_asm
