../Core/Src/main.c:110:6:HAL_UART_RxCpltCallback	24	static,ignoring_inline_asm
../Core/Src/main.c:141:6:uart_send	16	static
../Core/Src/main.c:147:6:task1_menu	24	static
../Core/Src/main.c:162:6:task2_command	24	static
../Core/Src/main.c:187:6:task3_command_process	72	static
../Core/Src/main.c:229:6:task4_uart_transmit	24	static
../Core/Src/main.c:244:9:getCommandCode	16	static
../Core/Src/main.c:251:6:make_led_on	8	static
../Core/Src/main.c:257:6:make_led_off	8	static
../Core/Src/main.c:262:6:led_toggle	16	static
../Core/Src/main.c:272:6:read_led_status	24	static
../Core/Src/main.c:279:6:read_rtc_info	72	static
../Core/Src/main.c:315:6:print_error_message	16	static
../Core/Src/main.c:327:5:main	56	static
../Core/Src/main.c:435:6:SystemClock_Config	96	static
../Core/Src/main.c:486:13:MX_RTC_Init	32	static
../Core/Src/main.c:550:13:MX_USART2_UART_Init	8	static
../Core/Src/main.c:585:13:MX_GPIO_Init	48	static
../Core/Src/main.c:630:6:StartDefaultTask	16	static
../Core/Src/main.c:645:6:Error_Handler	4	static,ignoring_inline_asm
