../Core/Src/main.c:104:6:HAL_UART_RxCpltCallback	4
../Core/Src/main.c:135:6:uart_send	1
../Core/Src/main.c:141:6:task1_menu	1
../Core/Src/main.c:156:6:task2_command	1
../Core/Src/main.c:182:6:task3_command_process	4
../Core/Src/main.c:216:6:task4_uart_transmit	1
../Core/Src/main.c:231:9:getCommandCode	1
../Core/Src/main.c:238:6:make_led_on	1
../Core/Src/main.c:244:6:make_led_off	1
../Core/Src/main.c:250:6:read_rtc_info	1
../Core/Src/main.c:269:6:print_error_message	1
../Core/Src/main.c:281:5:main	3
../Core/Src/main.c:389:6:SystemClock_Config	4
../Core/Src/main.c:440:13:MX_RTC_Init	4
../Core/Src/main.c:504:13:MX_USART2_UART_Init	2
../Core/Src/main.c:539:13:MX_GPIO_Init	1
../Core/Src/main.c:584:6:StartDefaultTask	1
../Core/Src/main.c:599:6:Error_Handler	1
