../Core/Src/main.c:104:6:HAL_UART_RxCpltCallback	24	static,ignoring_inline_asm
../Core/Src/main.c:135:6:uart_send	16	static
../Core/Src/main.c:141:6:task1_menu	24	static
../Core/Src/main.c:156:6:task2_command	24	static
../Core/Src/main.c:182:6:task3_command_process	72	static
../Core/Src/main.c:216:6:task4_uart_transmit	24	static
../Core/Src/main.c:231:9:getCommandCode	16	static
../Core/Src/main.c:238:6:make_led_on	8	static
../Core/Src/main.c:244:6:make_led_off	8	static
../Core/Src/main.c:250:6:read_rtc_info	72	static
../Core/Src/main.c:269:6:print_error_message	16	static
../Core/Src/main.c:281:5:main	56	static
../Core/Src/main.c:389:6:SystemClock_Config	96	static
../Core/Src/main.c:440:13:MX_RTC_Init	32	static
../Core/Src/main.c:504:13:MX_USART2_UART_Init	8	static
../Core/Src/main.c:539:13:MX_GPIO_Init	48	static
../Core/Src/main.c:584:6:StartDefaultTask	16	static
../Core/Src/main.c:599:6:Error_Handler	4	static,ignoring_inline_asm
