../Core/Src/main.c:110:6:HAL_UART_RxCpltCallback	4
../Core/Src/main.c:141:6:uart_send	1
../Core/Src/main.c:147:6:task1_menu	1
../Core/Src/main.c:162:6:task2_command	1
../Core/Src/main.c:187:6:task3_command_process	6
../Core/Src/main.c:229:6:task4_uart_transmit	1
../Core/Src/main.c:244:9:getCommandCode	1
../Core/Src/main.c:251:6:make_led_on	1
../Core/Src/main.c:257:6:make_led_off	1
../Core/Src/main.c:262:6:led_toggle	2
../Core/Src/main.c:272:6:read_led_status	1
../Core/Src/main.c:279:6:read_rtc_info	2
../Core/Src/main.c:315:6:print_error_message	1
../Core/Src/main.c:327:5:main	3
../Core/Src/main.c:435:6:SystemClock_Config	4
../Core/Src/main.c:486:13:MX_RTC_Init	4
../Core/Src/main.c:550:13:MX_USART2_UART_Init	2
../Core/Src/main.c:585:13:MX_GPIO_Init	1
../Core/Src/main.c:630:6:StartDefaultTask	1
../Core/Src/main.c:645:6:Error_Handler	1
