../Core/Src/main.c:67:6:uart_send	16	static
../Core/Src/main.c:73:6:task1	24	static,ignoring_inline_asm
../Core/Src/main.c:105:6:do_work	72	static
../Core/Src/main.c:117:6:task2	24	static
../Core/Src/main.c:153:5:main	56	static
../Core/Src/main.c:245:6:SystemClock_Config	96	static
../Core/Src/main.c:295:13:MX_USART2_UART_Init	8	static
../Core/Src/main.c:330:13:MX_GPIO_Init	48	static
../Core/Src/main.c:375:6:StartDefaultTask	16	static
../Core/Src/main.c:390:6:Error_Handler	4	static,ignoring_inline_asm
